
- NASM Map file ---------------------------------------------------------------

Source file:  rdebug.asm
Output file:  ./Binaries/RDEBUG.COM

-- Program origin -------------------------------------------------------------

00000000

-- Sections (summary) ---------------------------------------------------------

Vstart            Start             Stop              Length    Class     Name
               0                 0                A3  000000A3  progbits  .text

-- Sections (detailed) --------------------------------------------------------

---- Section .text ------------------------------------------------------------

class:     progbits
length:                  A3
start:                    0
align:     not defined
follows:   not defined
vstart:                   0
valign:    not defined
vfollows:  not defined

-- Symbols --------------------------------------------------------------------

---- Section .text ------------------------------------------------------------

Real              Virtual           Name
              1D                1D  hdlr.keepSearching
              21                21  hdlr.badExit
              36                36  hdlr.potential
              6A                6A  intHdlr
              7A                7A  badMsg
              9B                9B  hdlr

